============================= test session starts =============================
platform win32 -- Python 3.7.3, pytest-4.3.1, py-1.8.0, pluggy-0.9.0 -- C:\ProgramData\Anaconda3\python.exe
cachedir: .pytest_cache
rootdir: C:\Users\alw4834\OneDrive - The University of Texas at Austin\Documents 1\GitHub\slavv2python, inifile: pytest.ini
plugins: remotedata-0.3.1, openfiles-0.3.2, doctestplus-0.3.0, arraydiff-0.3
collecting ... collected 6 items

tests/unit/test_geometry_functions.py::test_resample_vectors_straight_line PASSED [ 16%]
tests/unit/test_geometry_functions.py::test_resample_vectors_curved PASSED [ 33%]
tests/unit/test_geometry_functions.py::test_smooth_edge_traces PASSED    [ 50%]
tests/unit/test_geometry_functions.py::test_transform_vector_set_scale_translate PASSED [ 66%]
tests/unit/test_geometry_functions.py::test_register_vector_sets_rigid FAILED [ 83%]
tests/unit/test_geometry_functions.py::test_get_edges_for_vertex FAILED  [100%]

================================== FAILURES ===================================
_______________________ test_register_vector_sets_rigid _______________________
tests\unit\test_geometry_functions.py:90: in test_register_vector_sets_rigid
    Tx, err = register_vector_sets(A, B, method='rigid')
E   ValueError: too many values to unpack (expected 2)
__________________________ test_get_edges_for_vertex __________________________
tests\unit\test_geometry_functions.py:118: in test_get_edges_for_vertex
    edges_0 = get_edges_for_vertex(0, connections)
src\slavv\geometry.py:108: in get_edges_for_vertex
    mask = (connections[:, 0] == vertex_index) | (connections[:, 1] == vertex_index)
E   IndexError: too many indices for array: array is 0-dimensional, but 2 were indexed
============================== warnings summary ===============================
C:\ProgramData\Anaconda3\lib\site-packages\numpydoc\docscrape.py:320
  C:\ProgramData\Anaconda3\lib\site-packages\numpydoc\docscrape.py:320: DeprecationWarning: invalid escape sequence \w
    if re.compile('^([\w., ]+=)?\s*[\w\.]+\(.*\)$').match(summary_str):

C:\ProgramData\Anaconda3\lib\site-packages\numpydoc\docscrape.py:392
  C:\ProgramData\Anaconda3\lib\site-packages\numpydoc\docscrape.py:392: DeprecationWarning: invalid escape sequence \*
    return [self['Signature'].replace('*', '\*')] + ['']

C:\ProgramData\Anaconda3\lib\site-packages\numpydoc\docscrape.py:524
  C:\ProgramData\Anaconda3\lib\site-packages\numpydoc\docscrape.py:524: DeprecationWarning: invalid escape sequence \*
    signature = '%s%s' % (func_name, signature.replace('*', '\*'))

C:\ProgramData\Anaconda3\lib\site-packages\numpydoc\docscrape.py:541
  C:\ProgramData\Anaconda3\lib\site-packages\numpydoc\docscrape.py:541: DeprecationWarning: invalid escape sequence \*
    signature = self['Signature'].replace('*', '\*')

C:\ProgramData\Anaconda3\lib\site-packages\numpydoc\docscrape.py:109
  C:\ProgramData\Anaconda3\lib\site-packages\numpydoc\docscrape.py:109: DeprecationWarning: Using or importing the ABCs from 'collections' instead of from 'collections.abc' is deprecated, and in 3.8 it will stop working
    class NumpyDocString(collections.Mapping):

C:\ProgramData\Anaconda3\lib\site-packages\numba\ir.py:27
  C:\ProgramData\Anaconda3\lib\site-packages\numba\ir.py:27: DeprecationWarning: invalid escape sequence \s
    _defmatcher = re.compile('def\s+(\w+)\(.*')

C:\ProgramData\Anaconda3\lib\site-packages\numba\types\__init__.py:109
  C:\ProgramData\Anaconda3\lib\site-packages\numba\types\__init__.py:109: DeprecationWarning: `np.long` is a deprecated alias for `np.compat.long`. To silence this warning, use `np.compat.long` by itself. In the likely event your code does not need to work on Python 2 you can use the builtin `int` for which `np.compat.long` is itself an alias. Doing this will not modify any behaviour and is safe. When replacing `np.long`, you may wish to use e.g. `np.int64` or `np.int32` to specify the precision. If you wish to review your current use, check the release note link for additional information.
  Deprecated in NumPy 1.20; for more details and guidance: https://numpy.org/devdocs/release/1.20.0-notes.html#deprecations
    long_ = _make_signed(np.long)

C:\ProgramData\Anaconda3\lib\site-packages\numba\types\__init__.py:110
  C:\ProgramData\Anaconda3\lib\site-packages\numba\types\__init__.py:110: DeprecationWarning: `np.long` is a deprecated alias for `np.compat.long`. To silence this warning, use `np.compat.long` by itself. In the likely event your code does not need to work on Python 2 you can use the builtin `int` for which `np.compat.long` is itself an alias. Doing this will not modify any behaviour and is safe. When replacing `np.long`, you may wish to use e.g. `np.int64` or `np.int32` to specify the precision. If you wish to review your current use, check the release note link for additional information.
  Deprecated in NumPy 1.20; for more details and guidance: https://numpy.org/devdocs/release/1.20.0-notes.html#deprecations
    ulong = _make_unsigned(np.long)

C:\ProgramData\Anaconda3\lib\site-packages\numba\annotations\type_annotations.py:282
  C:\ProgramData\Anaconda3\lib\site-packages\numba\annotations\type_annotations.py:282: DeprecationWarning: invalid escape sequence \s
    re_longest_white_prefix = re.compile('^\s*')

C:\ProgramData\Anaconda3\lib\site-packages\numba\appdirs.py:130
  C:\ProgramData\Anaconda3\lib\site-packages\numba\appdirs.py:130: DeprecationWarning: invalid escape sequence \D
    """

C:\ProgramData\Anaconda3\lib\site-packages\numba\appdirs.py:235
  C:\ProgramData\Anaconda3\lib\site-packages\numba\appdirs.py:235: DeprecationWarning: invalid escape sequence \P
    """

C:\ProgramData\Anaconda3\lib\site-packages\networkx\classes\reportviews.py:95
C:\ProgramData\Anaconda3\lib\site-packages\networkx\classes\reportviews.py:95
  C:\ProgramData\Anaconda3\lib\site-packages\networkx\classes\reportviews.py:95: DeprecationWarning: Using or importing the ABCs from 'collections' instead of from 'collections.abc' is deprecated, and in 3.8 it will stop working
    from collections import Mapping, Set, Iterable

C:\ProgramData\Anaconda3\lib\site-packages\networkx\generators\expanders.py:70
  C:\ProgramData\Anaconda3\lib\site-packages\networkx\generators\expanders.py:70: DeprecationWarning: invalid escape sequence \s
    """

C:\ProgramData\Anaconda3\lib\site-packages\networkx\generators\geometric.py:275
  C:\ProgramData\Anaconda3\lib\site-packages\networkx\generators\geometric.py:275: DeprecationWarning: invalid escape sequence \l
    """

C:\ProgramData\Anaconda3\lib\site-packages\networkx\generators\geometric.py:764
  C:\ProgramData\Anaconda3\lib\site-packages\networkx\generators\geometric.py:764: DeprecationWarning: invalid escape sequence \l
    """

C:\ProgramData\Anaconda3\lib\site-packages\networkx\algorithms\centrality\current_flow_betweenness.py:325
  C:\ProgramData\Anaconda3\lib\site-packages\networkx\algorithms\centrality\current_flow_betweenness.py:325: DeprecationWarning: invalid escape sequence \l
    """

C:\ProgramData\Anaconda3\lib\site-packages\networkx\algorithms\cluster.py:537
  C:\ProgramData\Anaconda3\lib\site-packages\networkx\algorithms\cluster.py:537: DeprecationWarning: invalid escape sequence \m
    """

C:\ProgramData\Anaconda3\lib\site-packages\networkx\algorithms\reciprocity.py:47
  C:\ProgramData\Anaconda3\lib\site-packages\networkx\algorithms\reciprocity.py:47: DeprecationWarning: invalid escape sequence \i
    """

C:\ProgramData\Anaconda3\lib\site-packages\networkx\algorithms\shortest_paths\weighted.py:1996
  C:\ProgramData\Anaconda3\lib\site-packages\networkx\algorithms\shortest_paths\weighted.py:1996: DeprecationWarning: invalid escape sequence \p
    """

C:\ProgramData\Anaconda3\lib\site-packages\networkx\algorithms\connectivity\connectivity.py:302
  C:\ProgramData\Anaconda3\lib\site-packages\networkx\algorithms\connectivity\connectivity.py:302: DeprecationWarning: invalid escape sequence \d
    """

C:\ProgramData\Anaconda3\lib\site-packages\networkx\algorithms\flow\preflowpush.py:426
  C:\ProgramData\Anaconda3\lib\site-packages\networkx\algorithms\flow\preflowpush.py:426: DeprecationWarning: invalid escape sequence \s
    """

C:\ProgramData\Anaconda3\lib\site-packages\networkx\algorithms\flow\shortestaugmentingpath.py:298
  C:\ProgramData\Anaconda3\lib\site-packages\networkx\algorithms\flow\shortestaugmentingpath.py:298: DeprecationWarning: invalid escape sequence \m
    """

C:\ProgramData\Anaconda3\lib\site-packages\networkx\algorithms\connectivity\stoerwagner.py:94
  C:\ProgramData\Anaconda3\lib\site-packages\networkx\algorithms\connectivity\stoerwagner.py:94: DeprecationWarning: invalid escape sequence \l
    """

C:\ProgramData\Anaconda3\lib\site-packages\networkx\generators\lattice.py:226
  C:\ProgramData\Anaconda3\lib\site-packages\networkx\generators\lattice.py:226: DeprecationWarning: invalid escape sequence \s
    """

C:\ProgramData\Anaconda3\lib\site-packages\networkx\generators\line.py:113
  C:\ProgramData\Anaconda3\lib\site-packages\networkx\generators\line.py:113: DeprecationWarning: invalid escape sequence \{
    """

C:\ProgramData\Anaconda3\lib\site-packages\networkx\readwrite\graphml.py:346
  C:\ProgramData\Anaconda3\lib\site-packages\networkx\readwrite\graphml.py:346: DeprecationWarning: `np.int` is a deprecated alias for the builtin `int`. To silence this warning, use `int` by itself. Doing this will not modify any behavior and is safe. When replacing `np.int`, you may wish to use e.g. `np.int64` or `np.int32` to specify the precision. If you wish to review your current use, check the release note link for additional information.
  Deprecated in NumPy 1.20; for more details and guidance: https://numpy.org/devdocs/release/1.20.0-notes.html#deprecations
    (np.int, "int"), (np.int8, "int"),

C:\ProgramData\Anaconda3\lib\site-packages\networkx\linalg\modularitymatrix.py:74
  C:\ProgramData\Anaconda3\lib\site-packages\networkx\linalg\modularitymatrix.py:74: DeprecationWarning: invalid escape sequence \o
    """

C:\ProgramData\Anaconda3\lib\site-packages\pandas\util\testing.py:20
  C:\ProgramData\Anaconda3\lib\site-packages\pandas\util\testing.py:20: DeprecationWarning: `np.bool` is a deprecated alias for the builtin `bool`. To silence this warning, use `bool` by itself. Doing this will not modify any behavior and is safe. If you specifically wanted the numpy scalar type, use `np.bool_` here.
  Deprecated in NumPy 1.20; for more details and guidance: https://numpy.org/devdocs/release/1.20.0-notes.html#deprecations
    from pandas._libs import testing as _testing

C:\ProgramData\Anaconda3\lib\site-packages\nose\config.py:178
  C:\ProgramData\Anaconda3\lib\site-packages\nose\config.py:178: DeprecationWarning: invalid escape sequence \.
    """

C:\ProgramData\Anaconda3\lib\site-packages\sklearn\ensemble\gradient_boosting.py:34
C:\ProgramData\Anaconda3\lib\site-packages\sklearn\ensemble\gradient_boosting.py:34
  C:\ProgramData\Anaconda3\lib\site-packages\sklearn\ensemble\gradient_boosting.py:34: DeprecationWarning: `np.bool` is a deprecated alias for the builtin `bool`. To silence this warning, use `bool` by itself. Doing this will not modify any behavior and is safe. If you specifically wanted the numpy scalar type, use `np.bool_` here.
  Deprecated in NumPy 1.20; for more details and guidance: https://numpy.org/devdocs/release/1.20.0-notes.html#deprecations
    from ._gradient_boosting import predict_stages

C:\ProgramData\Anaconda3\lib\site-packages\sklearn\linear_model\least_angle.py:35
  C:\ProgramData\Anaconda3\lib\site-packages\sklearn\linear_model\least_angle.py:35: DeprecationWarning: `np.float` is a deprecated alias for the builtin `float`. To silence this warning, use `float` by itself. Doing this will not modify any behavior and is safe. If you specifically wanted the numpy scalar type, use `np.float64` here.
  Deprecated in NumPy 1.20; for more details and guidance: https://numpy.org/devdocs/release/1.20.0-notes.html#deprecations
    eps=np.finfo(np.float).eps,

C:\ProgramData\Anaconda3\lib\site-packages\sklearn\linear_model\least_angle.py:597
  C:\ProgramData\Anaconda3\lib\site-packages\sklearn\linear_model\least_angle.py:597: DeprecationWarning: `np.float` is a deprecated alias for the builtin `float`. To silence this warning, use `float` by itself. Doing this will not modify any behavior and is safe. If you specifically wanted the numpy scalar type, use `np.float64` here.
  Deprecated in NumPy 1.20; for more details and guidance: https://numpy.org/devdocs/release/1.20.0-notes.html#deprecations
    eps=np.finfo(np.float).eps, copy_X=True, fit_path=True,

C:\ProgramData\Anaconda3\lib\site-packages\sklearn\linear_model\least_angle.py:836
  C:\ProgramData\Anaconda3\lib\site-packages\sklearn\linear_model\least_angle.py:836: DeprecationWarning: `np.float` is a deprecated alias for the builtin `float`. To silence this warning, use `float` by itself. Doing this will not modify any behavior and is safe. If you specifically wanted the numpy scalar type, use `np.float64` here.
  Deprecated in NumPy 1.20; for more details and guidance: https://numpy.org/devdocs/release/1.20.0-notes.html#deprecations
    eps=np.finfo(np.float).eps, copy_X=True, fit_path=True,

C:\ProgramData\Anaconda3\lib\site-packages\sklearn\linear_model\least_angle.py:862
  C:\ProgramData\Anaconda3\lib\site-packages\sklearn\linear_model\least_angle.py:862: DeprecationWarning: `np.float` is a deprecated alias for the builtin `float`. To silence this warning, use `float` by itself. Doing this will not modify any behavior and is safe. If you specifically wanted the numpy scalar type, use `np.float64` here.
  Deprecated in NumPy 1.20; for more details and guidance: https://numpy.org/devdocs/release/1.20.0-notes.html#deprecations
    eps=np.finfo(np.float).eps, positive=False):

C:\ProgramData\Anaconda3\lib\site-packages\sklearn\linear_model\least_angle.py:1097
  C:\ProgramData\Anaconda3\lib\site-packages\sklearn\linear_model\least_angle.py:1097: DeprecationWarning: `np.float` is a deprecated alias for the builtin `float`. To silence this warning, use `float` by itself. Doing this will not modify any behavior and is safe. If you specifically wanted the numpy scalar type, use `np.float64` here.
  Deprecated in NumPy 1.20; for more details and guidance: https://numpy.org/devdocs/release/1.20.0-notes.html#deprecations
    max_n_alphas=1000, n_jobs=None, eps=np.finfo(np.float).eps,

C:\ProgramData\Anaconda3\lib\site-packages\sklearn\linear_model\least_angle.py:1344
  C:\ProgramData\Anaconda3\lib\site-packages\sklearn\linear_model\least_angle.py:1344: DeprecationWarning: `np.float` is a deprecated alias for the builtin `float`. To silence this warning, use `float` by itself. Doing this will not modify any behavior and is safe. If you specifically wanted the numpy scalar type, use `np.float64` here.
  Deprecated in NumPy 1.20; for more details and guidance: https://numpy.org/devdocs/release/1.20.0-notes.html#deprecations
    max_n_alphas=1000, n_jobs=None, eps=np.finfo(np.float).eps,

C:\ProgramData\Anaconda3\lib\site-packages\sklearn\linear_model\least_angle.py:1480
  C:\ProgramData\Anaconda3\lib\site-packages\sklearn\linear_model\least_angle.py:1480: DeprecationWarning: `np.float` is a deprecated alias for the builtin `float`. To silence this warning, use `float` by itself. Doing this will not modify any behavior and is safe. If you specifically wanted the numpy scalar type, use `np.float64` here.
  Deprecated in NumPy 1.20; for more details and guidance: https://numpy.org/devdocs/release/1.20.0-notes.html#deprecations
    eps=np.finfo(np.float).eps, copy_X=True, positive=False):

C:\ProgramData\Anaconda3\lib\site-packages\sklearn\linear_model\randomized_l1.py:152
  C:\ProgramData\Anaconda3\lib\site-packages\sklearn\linear_model\randomized_l1.py:152: DeprecationWarning: `np.float` is a deprecated alias for the builtin `float`. To silence this warning, use `float` by itself. Doing this will not modify any behavior and is safe. If you specifically wanted the numpy scalar type, use `np.float64` here.
  Deprecated in NumPy 1.20; for more details and guidance: https://numpy.org/devdocs/release/1.20.0-notes.html#deprecations
    precompute=False, eps=np.finfo(np.float).eps,

C:\ProgramData\Anaconda3\lib\site-packages\sklearn\linear_model\randomized_l1.py:320
  C:\ProgramData\Anaconda3\lib\site-packages\sklearn\linear_model\randomized_l1.py:320: DeprecationWarning: `np.float` is a deprecated alias for the builtin `float`. To silence this warning, use `float` by itself. Doing this will not modify any behavior and is safe. If you specifically wanted the numpy scalar type, use `np.float64` here.
  Deprecated in NumPy 1.20; for more details and guidance: https://numpy.org/devdocs/release/1.20.0-notes.html#deprecations
    eps=np.finfo(np.float).eps, random_state=None,

C:\ProgramData\Anaconda3\lib\site-packages\sklearn\linear_model\randomized_l1.py:580
  C:\ProgramData\Anaconda3\lib\site-packages\sklearn\linear_model\randomized_l1.py:580: DeprecationWarning: `np.float` is a deprecated alias for the builtin `float`. To silence this warning, use `float` by itself. Doing this will not modify any behavior and is safe. If you specifically wanted the numpy scalar type, use `np.float64` here.
  Deprecated in NumPy 1.20; for more details and guidance: https://numpy.org/devdocs/release/1.20.0-notes.html#deprecations
    eps=4 * np.finfo(np.float).eps, n_jobs=None,

-- Docs: https://docs.pytest.org/en/latest/warnings.html
=============== 2 failed, 4 passed, 42 warnings in 9.76 seconds ===============
